dependency_exit=0
module_exit=1
build_exit=99

=== DEPENDENCY LOG ===
✔ [1420/1420] Built Mathlib.Algebra.Polynomial.Laurent (2.4s)
Build completed successfully (1420 jobs).

=== MODULE LOG ===
Mathlib/LinearAlgebra/Matrix/LaurentPolynomial.lean:50:14: error: unexpected token 'in'; expected ','
Mathlib/LinearAlgebra/Matrix/LaurentPolynomial.lean:50:11: error(lean.synthInstanceFailed): failed to synthesize instance of type class
  AddCommMonoid (Sort ?u.81)

Hint: Type class instance resolution failures can be inspected with the `set_option trace.Meta.synthInstance true` command.
Mathlib/LinearAlgebra/Matrix/LaurentPolynomial.lean:49:11: error: Missing cases:
Mathlib/LinearAlgebra/Matrix/LaurentPolynomial.lean:48:22: error: unsolved goals
n : Type u_1
R : Type u_2
inst✝² : Fintype n
inst✝¹ : DecidableEq n
inst✝ : CommRing R
M : Matrix n n R[T;T⁻¹]
d : n → ℤ
hM : ∀ (i j : n), (M i j).degree ≤ ↑(d j)
σ : Equiv.Perm n
h :
  AddMonoidAlgebra.supDegree (fun z => ↑z) (∏ i, M (σ i) i) ≤ ∑ i, AddMonoidAlgebra.supDegree (fun z => ↑z) (M (σ i) i)
h' : (∏ i, M (σ i) i).degree ≤ ∑ i, (M (σ i) i).degree
hsum : sorry
⊢ ∑ i, (M (σ i) i).degree ≤ ↑(∑ i, d i)
Mathlib/LinearAlgebra/Matrix/LaurentPolynomial.lean:35:37: error: unsolved goals
n : Type u_1
R : Type u_2
inst✝² : Fintype n
inst✝¹ : DecidableEq n
inst✝ : CommRing R
M : Matrix n n R[T;T⁻¹]
d : n → ℤ
hM : ∀ (i j : n), (M i j).degree ≤ ↑(d j)
hprod : ∀ (σ : Equiv.Perm n), (∏ i, M (σ i) i).degree ≤ ↑(∑ i, d i)
⊢ (∑ σ, ↑↑(Equiv.Perm.sign σ) * ∏ i, M (σ i) i).degree ≤ ↑(∑ j, d j)

=== BUILD LOG ===
lake build skipped because module compilation failed
